<testsuite tests="38">
  <testcase classname="AzureEventIntegration_TEST" name="constructorCoverage" time="62" />
  <testcase classname="AzureEventIntegration_TEST" name="getAccount" time="1122" />
  <testcase classname="AzureEventIntegration_TEST" name="sendEvents" time="15" />
  <testcase classname="ButtonHandler_TEST" name="addPayment" time="5502" />
  <testcase classname="ButtonHandler_TEST" name="autocompleteInvoiceLineItem" time="1989" />
  <testcase classname="ButtonHandler_TEST" name="checkLineItemEnrollmentExists" time="2018" />
  <testcase classname="ButtonHandler_TEST" name="confirmAndCancelInvoice" time="2107" />
  <testcase classname="ButtonHandler_TEST" name="confirmAndCancelInvoiceEmpty" time="625" />
  <testcase classname="ButtonHandler_TEST" name="confirmLineItem" time="727" />
  <testcase classname="ButtonHandler_TEST" name="emitEnrollmentComplete" time="1606" />
  <testcase classname="ButtonHandler_TEST" name="escalateInvoice" time="632" />
  <testcase classname="ButtonHandler_TEST" name="generateCanvasAccount" time="137" />
  <testcase classname="ButtonHandler_TEST" name="generateContact" time="376" />
  <testcase classname="ButtonHandler_TEST" name="generateInvoice" time="612" />
  <testcase classname="ButtonHandler_TEST" name="generateJourneySettings" time="27" />
  <testcase classname="ButtonHandler_TEST" name="generateLineItem" time="839" />
  <testcase classname="ButtonHandler_TEST" name="generateOffering" time="284" />
  <testcase classname="ButtonHandler_TEST" name="insertEnrollment" time="762" />
  <testcase classname="ButtonHandler_TEST" name="requestInvoice" time="666" />
  <testcase classname="ButtonHandler_TEST" name="sendEscalationEmail" time="629" />
  <testcase classname="ButtonHandler_TEST" name="trackLineItem" time="2269" />
  <testcase classname="ButtonHandler_TEST" name="voidLineItem" time="952" />
  <testcase classname="CombinedFunctions_TEST" name="createEventsForSection" time="4681" />
  <testcase classname="CombinedFunctions_TEST" name="handleEnrollments" time="1100" />
  <testcase classname="CombinedFunctions_TEST" name="midpointTriggers" time="2622" />
  <testcase classname="CombinedFunctions_TEST" name="overloadEvent" time="2858" />
  <testcase classname="CombinedFunctions_TEST" name="refreshData" time="242" />
  <testcase classname="CombinedFunctions_TEST" name="simpleEmail" time="129" />
  <testcase classname="JsonTest_TEST" name="decode" time="34" />
  <testcase classname="JsonTest_TEST" name="encode" time="10" />
  <testcase classname="PEEvent_TEST" name="cancelRegistration" time="89" />
  <testcase classname="PEEvent_TEST" name="enrollStudent" time="17" />
  <testcase classname="PEEvent_TEST" name="lmsEnrollmentComplete" time="9" />
  <testcase classname="PEEvent_TEST" name="lmsEnrollmentRequest" time="8" />
  <testcase classname="PEEvent_TEST" name="sendHumanRequired" time="9" />
  <testcase classname="PEEvent_TEST" name="unenrollStudent" time="8" />
  <testcase classname="PEHandleEnrollments_TEST" name="handleStudentEnrollment" time="3824" />
  <testcase classname="PEHelpers_TEST" name="recordTypeTest" time="120" />
</testsuite>